	CLOSE BY CUSTOMERS

	1 	Alice Cahill
	8 	Eoin Ahearn
	12 	Christina McArdle

